[2026-06-06T13:28:48.324+0000][gc,init] CardTable entry size: 512
[2026-06-06T13:28:48.324+0000][gc     ] Using G1
[2026-06-06T13:28:48.331+0000][gc,init] Version: 25.0.2+10-LTS (release)
[2026-06-06T13:28:48.331+0000][gc,init] CPUs: 2 total, 2 available
[2026-06-06T13:28:48.331+0000][gc,init] Memory: 7944M
[2026-06-06T13:28:48.331+0000][gc,init] Large Page Support: Disabled
[2026-06-06T13:28:48.331+0000][gc,init] NUMA Support: Disabled
[2026-06-06T13:28:48.331+0000][gc,init] Compressed Oops: Enabled (32-bit)
[2026-06-06T13:28:48.331+0000][gc,init] Heap Region Size: 1M
[2026-06-06T13:28:48.331+0000][gc,init] Heap Min Capacity: 1G
[2026-06-06T13:28:48.331+0000][gc,init] Heap Initial Capacity: 1G
[2026-06-06T13:28:48.331+0000][gc,init] Heap Max Capacity: 1G
[2026-06-06T13:28:48.331+0000][gc,init] Pre-touch: Disabled
[2026-06-06T13:28:48.331+0000][gc,init] Parallel Workers: 2
[2026-06-06T13:28:48.331+0000][gc,init] Concurrent Workers: 1
[2026-06-06T13:28:48.331+0000][gc,init] Concurrent Refinement Workers: 2
[2026-06-06T13:28:48.331+0000][gc,init] Periodic GC: Disabled
[2026-06-06T13:28:48.331+0000][gc,init] G1 Time-Based Heap Sizing enabled (uncommit-only)
[2026-06-06T13:28:48.331+0000][gc,init] Evaluation Interval: 60s, Uncommit Delay: 300s, Min Regions To Uncommit: 10
[2026-06-06T13:28:48.336+0000][gc,metaspace] CDS archive(s) mapped at: [0x0000000076000000-0x0000000076d8d000-0x0000000076d8d000), size 14209024, SharedBaseAddress: 0x0000000076000000, ArchiveRelocationMode: 1.
[2026-06-06T13:28:48.336+0000][gc,metaspace] Compressed class space mapped at: 0x0000000077000000-0x00000000b7000000, reserved size: 1073741824
[2026-06-06T13:28:48.336+0000][gc,metaspace] UseCompressedClassPointers 1, UseCompactObjectHeaders 0
[2026-06-06T13:28:48.336+0000][gc,metaspace] Narrow klass pointer bits 32, Max shift 3
[2026-06-06T13:28:48.336+0000][gc,metaspace] Narrow klass base: 0x0000000076000000, Narrow klass shift: 0
[2026-06-06T13:28:48.336+0000][gc,metaspace] Encoding Range: [0x0000000076000000 - 0x0000000176000000), (4294967296 bytes)
[2026-06-06T13:28:48.336+0000][gc,metaspace] Klass Range:    [0x0000000076001000 - 0x00000000b7000000), (1090514944 bytes)
[2026-06-06T13:28:48.336+0000][gc,metaspace] Klass ID Range:  [4096 - 1090519033) (1090514937)
[2026-06-06T13:28:48.336+0000][gc,metaspace] Protection zone: [0x0000000076000000 - 0x0000000076001000), (4096 bytes)
[2026-06-06T13:28:49.910+0000][gc,start    ] GC(0) Pause Young (Normal) (G1 Evacuation Pause)
[2026-06-06T13:28:49.911+0000][gc,task     ] GC(0) Using 2 workers of 2 for evacuation
[2026-06-06T13:28:49.925+0000][gc,phases   ] GC(0)   Pre Evacuate Collection Set: 0.14ms
[2026-06-06T13:28:49.925+0000][gc,phases   ] GC(0)   Merge Heap Roots: 0.62ms
[2026-06-06T13:28:49.925+0000][gc,phases   ] GC(0)   Evacuate Collection Set: 11.78ms
[2026-06-06T13:28:49.925+0000][gc,phases   ] GC(0)   Post Evacuate Collection Set: 0.48ms
[2026-06-06T13:28:49.925+0000][gc,phases   ] GC(0)   Other: 0.89ms
[2026-06-06T13:28:49.925+0000][gc,heap     ] GC(0) Eden regions: 51->0(44)
[2026-06-06T13:28:49.925+0000][gc,heap     ] GC(0) Survivor regions: 0->7(7)
[2026-06-06T13:28:49.925+0000][gc,heap     ] GC(0) Old regions: 2->3
[2026-06-06T13:28:49.925+0000][gc,heap     ] GC(0) Humongous regions: 0->0
[2026-06-06T13:28:49.925+0000][gc,metaspace] GC(0) Metaspace: 18087K(18304K)->18087K(18304K) NonClass: 15897K(16000K)->15897K(16000K) Class: 2189K(2304K)->2189K(2304K)
[2026-06-06T13:28:49.925+0000][gc          ] GC(0) Pause Young (Normal) (G1 Evacuation Pause) 52M->8M(1024M) 14.692ms
[2026-06-06T13:28:49.925+0000][gc,cpu      ] GC(0) User=0.01s Sys=0.01s Real=0.02s
[2026-06-06T13:28:50.255+0000][gc,start    ] GC(1) Pause Young (Concurrent Start) (Metadata GC Threshold)
[2026-06-06T13:28:50.255+0000][gc,task     ] GC(1) Using 2 workers of 2 for evacuation
[2026-06-06T13:28:50.286+0000][gc,mmu      ] GC(1) MMU target violated: 21.0ms (20.0ms/21.0ms)
[2026-06-06T13:28:50.286+0000][gc,phases   ] GC(1)   Pre Evacuate Collection Set: 0.21ms
[2026-06-06T13:28:50.286+0000][gc,phases   ] GC(1)   Merge Heap Roots: 0.04ms
[2026-06-06T13:28:50.286+0000][gc,phases   ] GC(1)   Evacuate Collection Set: 25.88ms
[2026-06-06T13:28:50.286+0000][gc,phases   ] GC(1)   Post Evacuate Collection Set: 1.95ms
[2026-06-06T13:28:50.286+0000][gc,phases   ] GC(1)   Other: 2.95ms
[2026-06-06T13:28:50.286+0000][gc,heap     ] GC(1) Eden regions: 16->0(50)
[2026-06-06T13:28:50.286+0000][gc,heap     ] GC(1) Survivor regions: 7->1(7)
[2026-06-06T13:28:50.286+0000][gc,heap     ] GC(1) Old regions: 3->10
[2026-06-06T13:28:50.286+0000][gc,heap     ] GC(1) Humongous regions: 0->0
[2026-06-06T13:28:50.286+0000][gc,metaspace] GC(1) Metaspace: 21319K(21504K)->21319K(21504K) NonClass: 18705K(18816K)->18705K(18816K) Class: 2613K(2688K)->2613K(2688K)
[2026-06-06T13:28:50.286+0000][gc          ] GC(1) Pause Young (Concurrent Start) (Metadata GC Threshold) 24M->10M(1024M) 31.240ms
[2026-06-06T13:28:50.286+0000][gc,cpu      ] GC(1) User=0.04s Sys=0.00s Real=0.03s
[2026-06-06T13:28:50.286+0000][gc          ] GC(2) Concurrent Mark Cycle
[2026-06-06T13:28:50.286+0000][gc,marking  ] GC(2) Concurrent Scan Root Regions
[2026-06-06T13:28:50.316+0000][gc,marking  ] GC(2) Concurrent Scan Root Regions 29.347ms
[2026-06-06T13:28:50.316+0000][gc,marking  ] GC(2) Concurrent Mark
[2026-06-06T13:28:50.316+0000][gc,marking  ] GC(2) Concurrent Mark From Roots
[2026-06-06T13:28:50.316+0000][gc,task     ] GC(2) Using 1 workers of 1 for marking
[2026-06-06T13:28:50.321+0000][gc,marking  ] GC(2) Concurrent Mark From Roots 5.149ms
[2026-06-06T13:28:50.321+0000][gc,marking  ] GC(2) Concurrent Preclean
[2026-06-06T13:28:50.321+0000][gc,marking  ] GC(2) Concurrent Preclean 0.066ms
[2026-06-06T13:28:50.322+0000][gc,start    ] GC(2) Pause Remark
[2026-06-06T13:28:50.326+0000][gc          ] GC(2) Pause Remark 10M->10M(1024M) 4.457ms
[2026-06-06T13:28:50.326+0000][gc,cpu      ] GC(2) User=0.01s Sys=0.00s Real=0.01s
[2026-06-06T13:28:50.326+0000][gc,marking  ] GC(2) Concurrent Mark 10.646ms
[2026-06-06T13:28:50.326+0000][gc,marking  ] GC(2) Concurrent Rebuild Remembered Sets and Scrub Regions
[2026-06-06T13:28:50.331+0000][gc,marking  ] GC(2) Concurrent Rebuild Remembered Sets and Scrub Regions 4.440ms
[2026-06-06T13:28:50.331+0000][gc,start    ] GC(2) Pause Cleanup
[2026-06-06T13:28:50.331+0000][gc          ] GC(2) Pause Cleanup 10M->10M(1024M) 0.035ms
[2026-06-06T13:28:50.331+0000][gc,cpu      ] GC(2) User=0.00s Sys=0.00s Real=0.00s
[2026-06-06T13:28:50.331+0000][gc,marking  ] GC(2) Concurrent Clear Claimed Marks
[2026-06-06T13:28:50.331+0000][gc,marking  ] GC(2) Concurrent Clear Claimed Marks 0.025ms
[2026-06-06T13:28:50.331+0000][gc,marking  ] GC(2) Concurrent Cleanup for Next Mark
[2026-06-06T13:28:50.340+0000][gc,marking  ] GC(2) Concurrent Cleanup for Next Mark 8.671ms
[2026-06-06T13:28:50.340+0000][gc          ] GC(2) Concurrent Mark Cycle 53.645ms
[2026-06-06T13:28:51.354+0000][gc,start    ] GC(3) Pause Young (Prepare Mixed) (G1 Evacuation Pause)
[2026-06-06T13:28:51.354+0000][gc,task     ] GC(3) Using 2 workers of 2 for evacuation
[2026-06-06T13:28:51.380+0000][gc,mmu      ] GC(3) MMU target violated: 21.0ms (20.0ms/21.0ms)
[2026-06-06T13:28:51.380+0000][gc,phases   ] GC(3)   Pre Evacuate Collection Set: 0.51ms
[2026-06-06T13:28:51.380+0000][gc,phases   ] GC(3)   Merge Heap Roots: 0.08ms
[2026-06-06T13:28:51.380+0000][gc,phases   ] GC(3)   Evacuate Collection Set: 23.05ms
[2026-06-06T13:28:51.380+0000][gc,phases   ] GC(3)   Post Evacuate Collection Set: 1.92ms
[2026-06-06T13:28:51.380+0000][gc,phases   ] GC(3)   Other: 0.13ms
[2026-06-06T13:28:51.380+0000][gc,heap     ] GC(3) Eden regions: 50->0(45)
[2026-06-06T13:28:51.380+0000][gc,heap     ] GC(3) Survivor regions: 1->6(7)
[2026-06-06T13:28:51.380+0000][gc,heap     ] GC(3) Old regions: 10->10
[2026-06-06T13:28:51.380+0000][gc,heap     ] GC(3) Humongous regions: 129->129
[2026-06-06T13:28:51.380+0000][gc,metaspace] GC(3) Metaspace: 32047K(32320K)->32047K(32320K) NonClass: 28323K(28480K)->28323K(28480K) Class: 3723K(3840K)->3723K(3840K)
[2026-06-06T13:28:51.380+0000][gc          ] GC(3) Pause Young (Prepare Mixed) (G1 Evacuation Pause) 189M->144M(1024M) 25.888ms
[2026-06-06T13:28:51.380+0000][gc,cpu      ] GC(3) User=0.03s Sys=0.00s Real=0.03s
[2026-06-06T13:28:51.827+0000][gc,start    ] GC(4) Pause Young (Mixed) (Metadata GC Threshold)
[2026-06-06T13:28:51.828+0000][gc,task     ] GC(4) Using 2 workers of 2 for evacuation
[2026-06-06T13:28:51.843+0000][gc,phases   ] GC(4)   Pre Evacuate Collection Set: 0.17ms
[2026-06-06T13:28:51.843+0000][gc,phases   ] GC(4)   Merge Heap Roots: 0.04ms
[2026-06-06T13:28:51.843+0000][gc,phases   ] GC(4)   Evacuate Collection Set: 15.05ms
[2026-06-06T13:28:51.843+0000][gc,phases   ] GC(4)   Post Evacuate Collection Set: 0.29ms
[2026-06-06T13:28:51.843+0000][gc,phases   ] GC(4)   Other: 0.13ms
[2026-06-06T13:28:51.843+0000][gc,heap     ] GC(4) Eden regions: 23->0(50)
[2026-06-06T13:28:51.843+0000][gc,heap     ] GC(4) Survivor regions: 6->1(7)
[2026-06-06T13:28:51.844+0000][gc,heap     ] GC(4) Old regions: 10->15
[2026-06-06T13:28:51.844+0000][gc,heap     ] GC(4) Humongous regions: 129->129
[2026-06-06T13:28:51.844+0000][gc,metaspace] GC(4) Metaspace: 35920K(36160K)->35920K(36160K) NonClass: 31679K(31808K)->31679K(31808K) Class: 4241K(4352K)->4241K(4352K)
[2026-06-06T13:28:51.844+0000][gc          ] GC(4) Pause Young (Mixed) (Metadata GC Threshold) 166M->145M(1024M) 16.204ms
[2026-06-06T13:28:51.844+0000][gc,cpu      ] GC(4) User=0.02s Sys=0.00s Real=0.01s
[2026-06-06T13:28:51.861+0000][gc,start    ] GC(5) Pause Young (Concurrent Start) (Metadata GC Threshold)
[2026-06-06T13:28:51.861+0000][gc,task     ] GC(5) Using 2 workers of 2 for evacuation
[2026-06-06T13:28:51.864+0000][gc,phases   ] GC(5)   Pre Evacuate Collection Set: 0.17ms
[2026-06-06T13:28:51.864+0000][gc,phases   ] GC(5)   Merge Heap Roots: 0.04ms
[2026-06-06T13:28:51.865+0000][gc,phases   ] GC(5)   Evacuate Collection Set: 2.28ms
[2026-06-06T13:28:51.865+0000][gc,phases   ] GC(5)   Post Evacuate Collection Set: 0.37ms
[2026-06-06T13:28:51.865+0000][gc,phases   ] GC(5)   Other: 0.10ms
[2026-06-06T13:28:51.865+0000][gc,heap     ] GC(5) Eden regions: 1->0(49)
[2026-06-06T13:28:51.865+0000][gc,heap     ] GC(5) Survivor regions: 1->2(7)
[2026-06-06T13:28:51.865+0000][gc,heap     ] GC(5) Old regions: 15->15
[2026-06-06T13:28:51.865+0000][gc,heap     ] GC(5) Humongous regions: 129->129
[2026-06-06T13:28:51.865+0000][gc,metaspace] GC(5) Metaspace: 36188K(36480K)->36188K(36480K) NonClass: 31912K(32064K)->31912K(32064K) Class: 4276K(4416K)->4276K(4416K)
[2026-06-06T13:28:51.865+0000][gc          ] GC(5) Pause Young (Concurrent Start) (Metadata GC Threshold) 145M->145M(1024M) 3.347ms
[2026-06-06T13:28:51.865+0000][gc          ] GC(6) Concurrent Mark Cycle
[2026-06-06T13:28:51.865+0000][gc,marking  ] GC(6) Concurrent Scan Root Regions
[2026-06-06T13:28:51.865+0000][gc,cpu      ] GC(5) User=0.00s Sys=0.00s Real=0.01s
[2026-06-06T13:28:51.868+0000][gc,marking  ] GC(6) Concurrent Scan Root Regions 3.498ms
[2026-06-06T13:28:51.868+0000][gc,marking  ] GC(6) Concurrent Mark
[2026-06-06T13:28:51.868+0000][gc,marking  ] GC(6) Concurrent Mark From Roots
[2026-06-06T13:28:51.868+0000][gc,task     ] GC(6) Using 1 workers of 1 for marking
[2026-06-06T13:28:51.907+0000][gc,marking  ] GC(6) Concurrent Mark From Roots 38.615ms
[2026-06-06T13:28:51.907+0000][gc,marking  ] GC(6) Concurrent Preclean
[2026-06-06T13:28:51.907+0000][gc,marking  ] GC(6) Concurrent Preclean 0.070ms
[2026-06-06T13:28:51.908+0000][gc,start    ] GC(6) Pause Remark
[2026-06-06T13:28:51.911+0000][gc          ] GC(6) Pause Remark 147M->147M(1024M) 2.761ms
[2026-06-06T13:28:51.911+0000][gc,cpu      ] GC(6) User=0.01s Sys=0.00s Real=0.00s
[2026-06-06T13:28:51.912+0000][gc,marking  ] GC(6) Concurrent Mark 43.344ms
[2026-06-06T13:28:51.912+0000][gc,marking  ] GC(6) Concurrent Rebuild Remembered Sets and Scrub Regions
[2026-06-06T13:28:51.943+0000][gc,marking  ] GC(6) Concurrent Rebuild Remembered Sets and Scrub Regions 31.747ms
[2026-06-06T13:28:51.946+0000][gc,start    ] GC(6) Pause Cleanup
[2026-06-06T13:28:51.946+0000][gc          ] GC(6) Pause Cleanup 148M->148M(1024M) 0.082ms
[2026-06-06T13:28:51.946+0000][gc,cpu      ] GC(6) User=0.00s Sys=0.00s Real=0.00s
[2026-06-06T13:28:51.947+0000][gc,marking  ] GC(6) Concurrent Clear Claimed Marks
[2026-06-06T13:28:51.947+0000][gc,marking  ] GC(6) Concurrent Clear Claimed Marks 0.052ms
[2026-06-06T13:28:51.947+0000][gc,marking  ] GC(6) Concurrent Cleanup for Next Mark
[2026-06-06T13:28:51.950+0000][gc,marking  ] GC(6) Concurrent Cleanup for Next Mark 2.736ms
[2026-06-06T13:28:51.950+0000][gc          ] GC(6) Concurrent Mark Cycle 85.016ms
[2026-06-06T13:35:33.362+0000][gc,start    ] GC(7) Pause Young (Prepare Mixed) (G1 Evacuation Pause)
[2026-06-06T13:35:33.362+0000][gc,task     ] GC(7) Using 2 workers of 2 for evacuation
[2026-06-06T13:35:33.371+0000][gc,phases   ] GC(7)   Pre Evacuate Collection Set: 0.30ms
[2026-06-06T13:35:33.371+0000][gc,phases   ] GC(7)   Merge Heap Roots: 0.07ms
[2026-06-06T13:35:33.371+0000][gc,phases   ] GC(7)   Evacuate Collection Set: 7.99ms
[2026-06-06T13:35:33.371+0000][gc,phases   ] GC(7)   Post Evacuate Collection Set: 0.47ms
[2026-06-06T13:35:33.371+0000][gc,phases   ] GC(7)   Other: 0.07ms
[2026-06-06T13:35:33.371+0000][gc,heap     ] GC(7) Eden regions: 49->0(47)
[2026-06-06T13:35:33.371+0000][gc,heap     ] GC(7) Survivor regions: 2->4(7)
[2026-06-06T13:35:33.371+0000][gc,heap     ] GC(7) Old regions: 15->15
[2026-06-06T13:35:33.371+0000][gc,heap     ] GC(7) Humongous regions: 129->129
[2026-06-06T13:35:33.371+0000][gc,metaspace] GC(7) Metaspace: 39886K(40448K)->39886K(40448K) NonClass: 35079K(35392K)->35079K(35392K) Class: 4806K(5056K)->4806K(5056K)
[2026-06-06T13:35:33.371+0000][gc          ] GC(7) Pause Young (Prepare Mixed) (G1 Evacuation Pause) 194M->147M(1024M) 9.162ms
[2026-06-06T13:35:33.372+0000][gc,cpu      ] GC(7) User=0.02s Sys=0.00s Real=0.01s
