[2026-06-06T13:28:35.778+0000][gc,init] CardTable entry size: 512
[2026-06-06T13:28:35.778+0000][gc     ] Using G1
[2026-06-06T13:28:35.782+0000][gc,init] Version: 25.0.2+10-LTS (release)
[2026-06-06T13:28:35.782+0000][gc,init] CPUs: 2 total, 2 available
[2026-06-06T13:28:35.782+0000][gc,init] Memory: 7944M
[2026-06-06T13:28:35.782+0000][gc,init] Large Page Support: Disabled
[2026-06-06T13:28:35.782+0000][gc,init] NUMA Support: Disabled
[2026-06-06T13:28:35.782+0000][gc,init] Compressed Oops: Enabled (32-bit)
[2026-06-06T13:28:35.782+0000][gc,init] Heap Region Size: 1M
[2026-06-06T13:28:35.782+0000][gc,init] Heap Min Capacity: 512M
[2026-06-06T13:28:35.782+0000][gc,init] Heap Initial Capacity: 512M
[2026-06-06T13:28:35.782+0000][gc,init] Heap Max Capacity: 512M
[2026-06-06T13:28:35.782+0000][gc,init] Pre-touch: Disabled
[2026-06-06T13:28:35.782+0000][gc,init] Parallel Workers: 2
[2026-06-06T13:28:35.782+0000][gc,init] Concurrent Workers: 1
[2026-06-06T13:28:35.782+0000][gc,init] Concurrent Refinement Workers: 2
[2026-06-06T13:28:35.782+0000][gc,init] Periodic GC: Disabled
[2026-06-06T13:28:35.782+0000][gc,init] G1 Time-Based Heap Sizing enabled (uncommit-only)
[2026-06-06T13:28:35.782+0000][gc,init] Evaluation Interval: 60s, Uncommit Delay: 300s, Min Regions To Uncommit: 10
[2026-06-06T13:28:35.788+0000][gc,metaspace] CDS archive(s) mapped at: [0x000000001a000000-0x000000001ad8d000-0x000000001ad8d000), size 14209024, SharedBaseAddress: 0x000000001a000000, ArchiveRelocationMode: 1.
[2026-06-06T13:28:35.788+0000][gc,metaspace] Compressed class space mapped at: 0x000000001b000000-0x000000005b000000, reserved size: 1073741824
[2026-06-06T13:28:35.788+0000][gc,metaspace] UseCompressedClassPointers 1, UseCompactObjectHeaders 0
[2026-06-06T13:28:35.788+0000][gc,metaspace] Narrow klass pointer bits 32, Max shift 3
[2026-06-06T13:28:35.788+0000][gc,metaspace] Narrow klass base: 0x000000001a000000, Narrow klass shift: 0
[2026-06-06T13:28:35.788+0000][gc,metaspace] Encoding Range: [0x000000001a000000 - 0x000000011a000000), (4294967296 bytes)
[2026-06-06T13:28:35.788+0000][gc,metaspace] Klass Range:    [0x000000001a001000 - 0x000000005b000000), (1090514944 bytes)
[2026-06-06T13:28:35.788+0000][gc,metaspace] Klass ID Range:  [4096 - 1090519033) (1090514937)
[2026-06-06T13:28:35.788+0000][gc,metaspace] Protection zone: [0x000000001a000000 - 0x000000001a001000), (4096 bytes)
[2026-06-06T13:28:36.638+0000][gc,start    ] GC(0) Pause Young (Normal) (G1 Evacuation Pause)
[2026-06-06T13:28:36.639+0000][gc,task     ] GC(0) Using 2 workers of 2 for evacuation
[2026-06-06T13:28:36.649+0000][gc,phases   ] GC(0)   Pre Evacuate Collection Set: 0.12ms
[2026-06-06T13:28:36.649+0000][gc,phases   ] GC(0)   Merge Heap Roots: 0.04ms
[2026-06-06T13:28:36.649+0000][gc,phases   ] GC(0)   Evacuate Collection Set: 9.84ms
[2026-06-06T13:28:36.649+0000][gc,phases   ] GC(0)   Post Evacuate Collection Set: 0.29ms
[2026-06-06T13:28:36.649+0000][gc,phases   ] GC(0)   Other: 0.33ms
[2026-06-06T13:28:36.649+0000][gc,heap     ] GC(0) Eden regions: 25->0(21)
[2026-06-06T13:28:36.649+0000][gc,heap     ] GC(0) Survivor regions: 0->4(4)
[2026-06-06T13:28:36.649+0000][gc,heap     ] GC(0) Old regions: 2->6
[2026-06-06T13:28:36.649+0000][gc,heap     ] GC(0) Humongous regions: 0->0
[2026-06-06T13:28:36.650+0000][gc,metaspace] GC(0) Metaspace: 7628K(7808K)->7628K(7808K) NonClass: 6807K(6912K)->6807K(6912K) Class: 820K(896K)->820K(896K)
[2026-06-06T13:28:36.650+0000][gc          ] GC(0) Pause Young (Normal) (G1 Evacuation Pause) 26M->9M(512M) 11.314ms
[2026-06-06T13:28:36.650+0000][gc,cpu      ] GC(0) User=0.02s Sys=0.00s Real=0.01s
